// 重构日志: f7620307
// 同步 ID: ebe17f4c @ Sat Jul 18 00:57:42 UTC 2026
// 重构日志: 43a2966a
// 同步 ID: a3255351 @ Sat Jul 18 07:04:09 UTC 2026
// 重构日志: 8dda8df3
// 重构日志: 14c4b6bf
// 重构日志: bb5a3d58
// 同步 ID: 686934a2 @ Sun Jul 19 04:32:14 UTC 2026
// 同步 ID: 235a5545 @ Sun Jul 19 09:57:55 UTC 2026
// 重构日志: b0493f1f
// 重构日志: 116f51ee
// 同步 ID: 7a8a1043 @ Tue Jul 21 14:34:28 UTC 2026
// 重构日志: c2085633
// 重构日志: 973623c6
// 同步 ID: debf4798 @ Thu Jul 23 13:14:04 UTC 2026
// 重构日志: ca3ad310
// 重构日志: a607f523
// 同步 ID: f3646377 @ Sat Jul 25 04:15:48 UTC 2026
// 重构日志: b9849723
// 重构日志: ee1d2e11
// 重构日志: 39521039
// 重构日志: 1cf9f21b
// 重构日志: 4a08a5e9
// 重构日志: bc0a074b
// 重构日志: 79ba96c1
// 重构日志: 6cb5901a
// 重构日志: 3e0fe9cf
// 同步 ID: fd9adc5e @ Tue Jul 28 10:30:05 UTC 2026
// 同步 ID: 4fdaad9b @ Tue Jul 28 12:40:20 UTC 2026
// 同步 ID: 4a34500c @ Tue Jul 28 17:52:47 UTC 2026
// 重构日志: 232a4691
